info  Running SUSHI v3.20.0 (implements FHIR Shorthand specification v3.0.0)
info  Arguments:
info    /private/tmp/mii-labor-source-baseline.pTmq5d
info  No output path specified. Output to .
info  Using configuration file: /private/tmp/mii-labor-source-baseline.pTmq5d/sushi-config.yaml
info  Importing FSH text...
info  Preprocessed 27 documents with 17 aliases.
info  Imported 13 definitions and 7 instances.
info  Loaded virtual package sushi-r5forR4#1.0.0 with 7 resources
info  Resolved hl7.fhir.uv.tools.r4#latest to concrete version 1.1.2
info  Loaded hl7.fhir.uv.tools.r4#1.1.2 with 119 resources
info  Resolved hl7.terminology.r4#latest to concrete version 7.3.0
info  Loaded hl7.terminology.r4#7.3.0 with 4176 resources
info  Loaded hl7.fhir.uv.ips#2.0.1 with 74 resources
info  Loaded de.medizininformatikinitiative.kerndatensatz.meta#2026.0.0 with 173 resources
info  Loaded hl7.fhir.r4.core#4.0.1 with 4581 resources
info  Resolved hl7.fhir.uv.extensions.r4#latest to concrete version 5.3.0
info  Loaded hl7.fhir.uv.extensions.r4#5.3.0 with 885 resources
info  Loaded virtual package sushi-local#LOCAL with 0 resources
info  Converting FSH to FHIR resources...
info  Converted 6 FHIR StructureDefinitions.
info  Converted 7 FHIR ValueSets.
info  Converted 7 FHIR instances.
info  Exporting FHIR resources as JSON...
info  Exported 20 FHIR resources as JSON.
info  Exporting FSH definitions only. No IG related content will be exported.

========================= SUSHI RESULTS ===========================
|  -------------------------------------------------------------  |
| |    Profiles   |  Extensions  |   Logicals   |   Resources   | |
| |-------------------------------------------------------------| |
| |       3       |      2       |      1       |       0       | |
|  -------------------------------------------------------------  |
|  -------------------------------------------------------------  |
| |      ValueSets     |    CodeSystems    |     Instances      | |
| |-------------------------------------------------------------| |
| |         7          |         0         |         7          | |
|  -------------------------------------------------------------  |
|                                                                 |
===================================================================
| You really made a splash!              0 Errors      0 Warnings |
===================================================================

